// Jest Snapshot v1, https://goo.gl/fbAQLP

exports[`Logout when user is authenticated should succeed 1`] = `Object {}`;
