// Jest Snapshot v1, https://goo.gl/fbAQLP

exports[`List Own Places when user is an owner should succeed 1`] = `
Object {
  "items": Array [
    Object {
      "address": "262 Franecki Courts",
      "bestReview": Object {
        "author": Object {
          "name": "Trenton Kessler",
        },
        "comment": "Field return long bed after.",
        "dateVisitted": "2018-11-25",
        "id": "d8320717-05e2-5fd0-83ee-0c36d13b55e1",
        "rating": 4,
        "reply": "Party environment control quality full less painting.",
      },
      "canDelete": true,
      "canEdit": true,
      "id": "05bd7b00-f274-5b91-9c48-08bfa24cb9bd",
      "rating": 0,
      "reviewCount": 0,
      "title": "Nicolas - Satterfield",
      "worstReview": Object {
        "author": Object {
          "name": "Christina Friesen",
        },
        "canReply": true,
        "comment": "Serious inside else memory if six.",
        "dateVisitted": "2018-11-25",
        "id": "93aa6df2-8c47-54b1-8445-4152fe33ab41",
        "rating": 1,
      },
    },
  ],
  "total": 1,
}
`;

exports[`List Own Places when user is an owner when limit is negative should fail 1`] = `
Object {
  "error": "Bad Request",
  "message": Array [
    Object {
      "children": Array [],
      "constraints": Object {
        "min": "take must not be less than 0",
      },
      "property": "take",
      "target": Object {
        "skip": 0,
        "take": -1,
      },
      "value": -1,
    },
  ],
  "statusCode": 400,
}
`;

exports[`List Own Places when user is an owner when limit is not a number should fail 1`] = `
Object {
  "error": "Bad Request",
  "message": Array [
    Object {
      "children": Array [],
      "constraints": Object {
        "max": "take must not be greater than 50",
        "min": "take must not be less than 0",
      },
      "property": "take",
      "target": Object {
        "skip": 0,
        "take": null,
      },
      "value": null,
    },
  ],
  "statusCode": 400,
}
`;

exports[`List Own Places when user is an owner when limit is provided should succeed 1`] = `
Object {
  "items": Array [
    Object {
      "address": "262 Franecki Courts",
      "bestReview": Object {
        "author": Object {
          "name": "Trenton Kessler",
        },
        "comment": "Field return long bed after.",
        "dateVisitted": "2018-11-25",
        "id": "d8320717-05e2-5fd0-83ee-0c36d13b55e1",
        "rating": 4,
        "reply": "Party environment control quality full less painting.",
      },
      "canDelete": true,
      "canEdit": true,
      "id": "05bd7b00-f274-5b91-9c48-08bfa24cb9bd",
      "rating": 0,
      "reviewCount": 0,
      "title": "Nicolas - Satterfield",
      "worstReview": Object {
        "author": Object {
          "name": "Christina Friesen",
        },
        "canReply": true,
        "comment": "Serious inside else memory if six.",
        "dateVisitted": "2018-11-25",
        "id": "93aa6df2-8c47-54b1-8445-4152fe33ab41",
        "rating": 1,
      },
    },
  ],
  "total": 1,
}
`;

exports[`List Own Places when user is an owner when limit is too large should fail 1`] = `
Object {
  "error": "Bad Request",
  "message": Array [
    Object {
      "children": Array [],
      "constraints": Object {
        "max": "take must not be greater than 50",
      },
      "property": "take",
      "target": Object {
        "skip": 0,
        "take": 9000,
      },
      "value": 9000,
    },
  ],
  "statusCode": 400,
}
`;

exports[`List Own Places when user is an owner when offset is negative should fail 1`] = `
Object {
  "error": "Bad Request",
  "message": Array [
    Object {
      "children": Array [],
      "constraints": Object {
        "min": "skip must not be less than 0",
      },
      "property": "skip",
      "target": Object {
        "skip": -1,
        "take": 10,
      },
      "value": -1,
    },
  ],
  "statusCode": 400,
}
`;

exports[`List Own Places when user is an owner when offset is not a number should fail 1`] = `
Object {
  "error": "Bad Request",
  "message": Array [
    Object {
      "children": Array [],
      "constraints": Object {
        "min": "skip must not be less than 0",
      },
      "property": "skip",
      "target": Object {
        "skip": null,
        "take": 10,
      },
      "value": null,
    },
  ],
  "statusCode": 400,
}
`;

exports[`List Own Places when user is an owner when offset is provided should succeed 1`] = `
Object {
  "items": Array [],
  "total": 1,
}
`;

exports[`List Own Places when user is not an owner should fail 1`] = `
Object {
  "error": "Forbidden",
  "message": "Forbidden resource",
  "statusCode": 403,
}
`;
