// Jest Snapshot v1, https://goo.gl/fbAQLP

exports[`Delete user when user is an admin should succeed 1`] = `Object {}`;

exports[`Delete user when user is an admin when user does not exist should fail 1`] = `
Object {
  "error": "Not Found",
  "statusCode": 404,
}
`;

exports[`Delete user when user is not an admin should succeed 1`] = `
Object {
  "error": "Forbidden",
  "message": "Forbidden resource",
  "statusCode": 403,
}
`;
